// Bun Snapshot v1, https://bun.sh/docs/test/snapshots

exports[`AIGNE HTTP Client should work with client memory in browser 1`] = `
[
  {
    "messages": [
      {
        "content": "Hello, AIGNE!",
        "role": "user",
      },
      {
        "content": "Hello, How can I help you?",
        "role": "agent",
      },
      {
        "content": "What did I just say?",
        "role": "user",
      },
    ],
    "modelOptions": undefined,
    "responseFormat": undefined,
    "toolChoice": undefined,
    "tools": undefined,
  },
  Anything,
]
`;
