// Bun Snapshot v1, https://bun.sh/docs/test/snapshots

exports[`AIGNE HTTP Client should work with client memory in browser 1`] = `
[
  {
    "messages": [
      {
        "content": [
          {
            "text": "Hello, AIGNE!",
            "type": "text",
          },
        ],
        "role": "user",
      },
      {
        "content": [
          {
            "text": "Hello, How can I help you?",
            "type": "text",
          },
        ],
        "role": "agent",
      },
      {
        "content": [
          {
            "text": "What did I just say?",
            "type": "text",
          },
        ],
        "role": "user",
      },
    ],
    "modelOptions": undefined,
    "responseFormat": undefined,
    "toolChoice": undefined,
    "tools": undefined,
  },
  Anything,
]
`;
